Option 1: BM_MON, MON_BIR, BIR_WIND, WIND_NASH
Option 2: BM_MON, MON_BIR, BIR_WIND, WIND_LEB, LEB_NASH
Option 3: BM_PERXD, PERXD_KSC, KSC_STLXD, STLXD_INDI, INDI_LEB, LEB_NASH
