Option 1: BM_COL, COL_SMR, SMR_DEL, DEL_HFD, HFD_BOS
Option 2: N/A
Option 3: N/A
